DISABLE_FoX = OFF
CMake Error: Could not open file for write in copy operation /app/build-docker/CMakeFiles/3.28.3/CMakeSystem.cmake.tmp
CMake Error: : System Error: Inappropriate ioctl for device
CMake Error at /usr/share/cmake-3.28/Modules/CMakeDetermineSystem.cmake:246 (configure_file):
  configure_file Problem configuring file
Call Stack (most recent call first):
  CMakeLists.txt:30 (project)


CMake Error at /usr/share/cmake-3.28/Modules/CMakeDetermineCompilerId.cmake:357 (file):
  file failed to create directory:

    /app/build-docker/CMakeFiles/3.28.3/CompilerIdFortran

  because: No such file or directory
Call Stack (most recent call first):
  /usr/share/cmake-3.28/Modules/CMakeDetermineCompilerId.cmake:8 (CMAKE_DETERMINE_COMPILER_ID_BUILD)
  /usr/share/cmake-3.28/Modules/CMakeDetermineCompilerId.cmake:64 (__determine_compiler_id_test)
  /usr/share/cmake-3.28/Modules/CMakeDetermineFortranCompiler.cmake:186 (CMAKE_DETERMINE_COMPILER_ID)
  CMakeLists.txt:30 (project)


CMake Error at /usr/share/cmake-3.28/Modules/CMakeDetermineCompilerId.cmake:357 (file):
  file failed to create directory:

    /app/build-docker/CMakeFiles/3.28.3/CompilerIdFortran

  because: No such file or directory
Call Stack (most recent call first):
  /usr/share/cmake-3.28/Modules/CMakeDetermineCompilerId.cmake:8 (CMAKE_DETERMINE_COMPILER_ID_BUILD)
  /usr/share/cmake-3.28/Modules/CMakeDetermineCompilerId.cmake:64 (__determine_compiler_id_test)
  /usr/share/cmake-3.28/Modules/CMakeDetermineFortranCompiler.cmake:186 (CMAKE_DETERMINE_COMPILER_ID)
  CMakeLists.txt:30 (project)


CMake Error at /usr/share/cmake-3.28/Modules/CMakeDetermineCompilerId.cmake:357 (file):
  file failed to create directory:

    /app/build-docker/CMakeFiles/3.28.3/CompilerIdFortran

  because: No such file or directory
Call Stack (most recent call first):
  /usr/share/cmake-3.28/Modules/CMakeDetermineCompilerId.cmake:8 (CMAKE_DETERMINE_COMPILER_ID_BUILD)
  /usr/share/cmake-3.28/Modules/CMakeDetermineCompilerId.cmake:64 (__determine_compiler_id_test)
  /usr/share/cmake-3.28/Modules/CMakeDetermineFortranCompiler.cmake:186 (CMAKE_DETERMINE_COMPILER_ID)
  CMakeLists.txt:30 (project)


CMake Error at /usr/share/cmake-3.28/Modules/CMakeDetermineCompilerId.cmake:357 (file):
  file failed to create directory:

    /app/build-docker/CMakeFiles/3.28.3/CompilerIdFortran

  because: No such file or directory
Call Stack (most recent call first):
  /usr/share/cmake-3.28/Modules/CMakeDetermineCompilerId.cmake:8 (CMAKE_DETERMINE_COMPILER_ID_BUILD)
  /usr/share/cmake-3.28/Modules/CMakeDetermineCompilerId.cmake:64 (__determine_compiler_id_test)
  /usr/share/cmake-3.28/Modules/CMakeDetermineFortranCompiler.cmake:186 (CMAKE_DETERMINE_COMPILER_ID)
  CMakeLists.txt:30 (project)


CMake Error at /usr/share/cmake-3.28/Modules/CMakeDetermineCompilerId.cmake:357 (file):
  file failed to create directory:

    /app/build-docker/CMakeFiles/3.28.3/CompilerIdFortran

  because: No such file or directory
Call Stack (most recent call first):
  /usr/share/cmake-3.28/Modules/CMakeDetermineCompilerId.cmake:8 (CMAKE_DETERMINE_COMPILER_ID_BUILD)
  /usr/share/cmake-3.28/Modules/CMakeDetermineCompilerId.cmake:64 (__determine_compiler_id_test)
  /usr/share/cmake-3.28/Modules/CMakeDetermineFortranCompiler.cmake:186 (CMAKE_DETERMINE_COMPILER_ID)
  CMakeLists.txt:30 (project)


CMake Error at /usr/share/cmake-3.28/Modules/CMakeDetermineCompilerId.cmake:357 (file):
  file failed to create directory:

    /app/build-docker/CMakeFiles/3.28.3/CompilerIdFortran

  because: No such file or directory
Call Stack (most recent call first):
  /usr/share/cmake-3.28/Modules/CMakeDetermineCompilerId.cmake:8 (CMAKE_DETERMINE_COMPILER_ID_BUILD)
  /usr/share/cmake-3.28/Modules/CMakeDetermineCompilerId.cmake:64 (__determine_compiler_id_test)
  /usr/share/cmake-3.28/Modules/CMakeDetermineFortranCompiler.cmake:186 (CMAKE_DETERMINE_COMPILER_ID)
  CMakeLists.txt:30 (project)


CMake Error at /usr/share/cmake-3.28/Modules/CMakeDetermineCompilerId.cmake:357 (file):
  file failed to create directory:

    /app/build-docker/CMakeFiles/3.28.3/CompilerIdFortran

  because: No such file or directory
Call Stack (most recent call first):
  /usr/share/cmake-3.28/Modules/CMakeDetermineCompilerId.cmake:8 (CMAKE_DETERMINE_COMPILER_ID_BUILD)
  /usr/share/cmake-3.28/Modules/CMakeDetermineCompilerId.cmake:64 (__determine_compiler_id_test)
  /usr/share/cmake-3.28/Modules/CMakeDetermineFortranCompiler.cmake:186 (CMAKE_DETERMINE_COMPILER_ID)
  CMakeLists.txt:30 (project)


CMake Error at /usr/share/cmake-3.28/Modules/CMakeDetermineCompilerId.cmake:357 (file):
  file failed to create directory:

    /app/build-docker/CMakeFiles/3.28.3/CompilerIdFortran

  because: No such file or directory
Call Stack (most recent call first):
  /usr/share/cmake-3.28/Modules/CMakeDetermineCompilerId.cmake:8 (CMAKE_DETERMINE_COMPILER_ID_BUILD)
  /usr/share/cmake-3.28/Modules/CMakeDetermineCompilerId.cmake:64 (__determine_compiler_id_test)
  /usr/share/cmake-3.28/Modules/CMakeDetermineFortranCompiler.cmake:186 (CMAKE_DETERMINE_COMPILER_ID)
  CMakeLists.txt:30 (project)


CMake Error at /usr/share/cmake-3.28/Modules/CMakeDetermineCompilerId.cmake:357 (file):
  file failed to create directory:

    /app/build-docker/CMakeFiles/3.28.3/CompilerIdFortran

  because: No such file or directory
Call Stack (most recent call first):
  /usr/share/cmake-3.28/Modules/CMakeDetermineCompilerId.cmake:8 (CMAKE_DETERMINE_COMPILER_ID_BUILD)
  /usr/share/cmake-3.28/Modules/CMakeDetermineCompilerId.cmake:64 (__determine_compiler_id_test)
  /usr/share/cmake-3.28/Modules/CMakeDetermineFortranCompiler.cmake:186 (CMAKE_DETERMINE_COMPILER_ID)
  CMakeLists.txt:30 (project)


CMake Error at /usr/share/cmake-3.28/Modules/CMakeDetermineCompilerId.cmake:357 (file):
  file failed to create directory:

    /app/build-docker/CMakeFiles/3.28.3/CompilerIdFortran

  because: No such file or directory
Call Stack (most recent call first):
  /usr/share/cmake-3.28/Modules/CMakeDetermineCompilerId.cmake:8 (CMAKE_DETERMINE_COMPILER_ID_BUILD)
  /usr/share/cmake-3.28/Modules/CMakeDetermineCompilerId.cmake:64 (__determine_compiler_id_test)
  /usr/share/cmake-3.28/Modules/CMakeDetermineFortranCompiler.cmake:186 (CMAKE_DETERMINE_COMPILER_ID)
  CMakeLists.txt:30 (project)


-- The Fortran compiler identification is unknown
CMake Error: Could not open file for write in copy operation /app/build-docker/CMakeFiles/3.28.3/CMakeFortranCompiler.cmake.tmp
CMake Error: : System Error: Inappropriate ioctl for device
CMake Error at /usr/share/cmake-3.28/Modules/CMakeDetermineFortranCompiler.cmake:341 (configure_file):
  configure_file Problem configuring file
Call Stack (most recent call first):
  CMakeLists.txt:30 (project)


CMake Error: Could not find cmake module file: /app/build-docker/CMakeFiles/3.28.3/CMakeFortranCompiler.cmake
CMake Error at CMakeLists.txt:30 (project):
  The CMAKE_Fortran_COMPILER:

    /usr/bin/gfortran

  is not a full path to an existing compiler tool.

  Tell CMake where to find the compiler by setting either the environment
  variable "FC" or the CMake cache entry CMAKE_Fortran_COMPILER to the full
  path to the compiler, or to the compiler name if it is in the PATH.


-- Configuring incomplete, errors occurred!
CMake Error: Cannot open file for write: /app/build-docker/CMakeCache.txt.tmp4d59f
CMake Error: : System Error: Inappropriate ioctl for device
CMake Error: Unable to open cache file for save. /app/build-docker/CMakeCache.txt
CMake Error: : System Error: Inappropriate ioctl for device
